// Jest Snapshot v1, https://goo.gl/fbAQLP

exports[`test the App component renders MainPage without crashing 1`] = `
<MainPage
  store={
    Object {
      "clearActions": [Function],
      "dispatch": [Function],
      "getActions": [Function],
      "getState": [Function],
      "replaceReducer": [Function],
      "subscribe": [Function],
    }
  }
/>
`;
